// Jest Snapshot v1, https://goo.gl/fbAQLP

exports[`renders correctly 1`] = `
Object {
  "asFragment": [Function],
  "baseElement": <body>
    <div
      data-evergreen-toaster-container=""
    >
      <span
        class="css-1sugtjn"
      />
    </div>
    <div>
      <div
        class="sc-jIAOiI hMTiMh"
      >
        <header
          class="sc-breuTD dcjsFM"
        >
          <div
            class="sc-bczRLJ ireytC"
          >
            <div
              class="sc-ksZaOG gkPzMw"
            >
              <a
                class="sc-gsnTZi fJKHcl"
                href="/"
              >
                <span
                  class="sc-dkzDqf hYOzTb"
                >
                  m
                </span>
                .news
              </a>
              <div
                class="sc-crXcEl ceGitO"
              >
                <button
                  class="sc-evZas ivXicS"
                  type="button"
                >
                  <svg
                    fill="var( --color-blue-300)"
                    height="1.8em"
                    stroke="currentColor"
                    stroke-width="0"
                    viewBox="0 0 512 512"
                    width="1.8em"
                    xmlns="http://www.w3.org/2000/svg"
                  >
                    <path
                      d="M32 96v64h448V96H32zm0 128v64h448v-64H32zm0 128v64h448v-64H32z"
                    />
                  </svg>
                </button>
              </div>
              <nav>
                <ul
                  class="sc-eCYdqJ kvjTtY"
                >
                  <a
                    class="sc-hKMtZM iZwuIU"
                    href="/all"
                  >
                    All
                  </a>
                  <a
                    class="sc-hKMtZM iZwuIU"
                    href="/places"
                  >
                    Places
                  </a>
                  <a
                    class="sc-hKMtZM iZwuIU"
                    href="/people"
                  >
                    People
                  </a>
                  <a
                    class="sc-hKMtZM iZwuIU"
                    href="/events"
                  >
                    Events
                  </a>
                </ul>
              </nav>
              <div>
                <div
                  class="sc-gKXOVf ktdoYt"
                >
                  <button
                    class="sc-jSMfEi bqytyA sc-papXJ dxDiZW"
                    type="button"
                  >
                    Log In
                  </button>
                  <div
                    class="IdentificationModal"
                  >
                    <div
                      class="ModalContent"
                    >
                      <form>
                        <div
                          class="ub-mb_24px ub-box-szg_border-box"
                        >
                          <div
                            class="ub-dspl_flex ub-flx-drct_column ub-mb_8px ub-box-szg_border-box"
                          >
                            <label
                              class="ub-color_101840 ub-fnt-fam_b77syt ub-f-wght_500 ub-fnt-sze_14px ub-ln-ht_18px ub-ltr-spc_-0-05px ub-dspl_block ub-mb_0px ub-box-szg_border-box"
                              for="TextInputField-1"
                            >
                              Username
                               
                              <span
                                title="This field is required."
                              >
                                *
                              </span>
                            </label>
                          </div>
                          <input
                            aria-invalid="false"
                            class="css-12rdf6g ub-w_100prcnt ub-fnt-fam_b77syt ub-b-btm_1px-solid-transparent ub-b-lft_1px-solid-transparent ub-b-rgt_1px-solid-transparent ub-b-top_1px-solid-transparent ub-otln_iu2jf4 ub-txt-deco_none ub-bblr_4px ub-bbrr_4px ub-btlr_4px ub-btrr_4px ub-ln-ht_16px ub-fnt-sze_12px ub-color_474d66 ub-pl_12px ub-pr_12px ub-tstn_n1akt6 ub-h_32px ub-bg-clr_white ub-b-btm-clr_d8dae5 ub-b-lft-clr_d8dae5 ub-b-rgt-clr_d8dae5 ub-b-top-clr_d8dae5 ub-f-wght_400 ub-ltr-spc_0 ub-box-szg_border-box"
                            id="TextInputField-1"
                            name="username"
                            placeholder="username"
                            required=""
                            spellcheck="true"
                            type="text"
                            value=""
                          />
                        </div>
                        <div
                          class="ub-mb_24px ub-box-szg_border-box"
                        >
                          <div
                            class="ub-dspl_flex ub-flx-drct_column ub-mb_8px ub-box-szg_border-box"
                          >
                            <label
                              class="ub-color_101840 ub-fnt-fam_b77syt ub-f-wght_500 ub-fnt-sze_14px ub-ln-ht_18px ub-ltr-spc_-0-05px ub-dspl_block ub-mb_0px ub-box-szg_border-box"
                              for="TextInputField-2"
                            >
                              Password
                               
                              <span
                                title="This field is required."
                              >
                                *
                              </span>
                            </label>
                          </div>
                          <input
                            aria-invalid="false"
                            class="css-12rdf6g ub-w_100prcnt ub-fnt-fam_b77syt ub-b-btm_1px-solid-transparent ub-b-lft_1px-solid-transparent ub-b-rgt_1px-solid-transparent ub-b-top_1px-solid-transparent ub-otln_iu2jf4 ub-txt-deco_none ub-bblr_4px ub-bbrr_4px ub-btlr_4px ub-btrr_4px ub-ln-ht_16px ub-fnt-sze_12px ub-color_474d66 ub-pl_12px ub-pr_12px ub-tstn_n1akt6 ub-h_32px ub-bg-clr_white ub-b-btm-clr_d8dae5 ub-b-lft-clr_d8dae5 ub-b-rgt-clr_d8dae5 ub-b-top-clr_d8dae5 ub-f-wght_400 ub-ltr-spc_0 ub-box-szg_border-box"
                            id="TextInputField-2"
                            name="password"
                            placeholder="password"
                            required=""
                            spellcheck="true"
                            type="password"
                            value=""
                          />
                        </div>
                        <div
                          class="modalButtons"
                        >
                          <button
                            class="css-12b25td ub-pst_relative ub-f-wght_500 ub-dspl_inline-flex ub-algn-itms_center ub-flx-wrap_nowrap ub-just-cnt_center ub-txt-deco_none ub-ver-algn_middle ub-b-btm_1px-solid-c1c4d6 ub-b-lft_1px-solid-c1c4d6 ub-b-rgt_1px-solid-c1c4d6 ub-b-top_1px-solid-c1c4d6 ub-otln_iu2jf4 ub-usr-slct_none ub-crsr_pointer ub-wht-spc_nowrap ub-fnt-fam_b77syt ub-bblr_4px ub-bbrr_4px ub-btlr_4px ub-btrr_4px ub-color_474d66 ub-tstn_n1akt6 ub-h_32px ub-min-w_32px ub-fnt-sze_12px ub-ln-ht_32px ub-pl_16px ub-pr_16px ub-bg-clr_white ub-box-szg_border-box"
                          >
                            Cancel
                          </button>
                          <button
                            class="css-12b25td ub-pst_relative ub-f-wght_500 ub-dspl_inline-flex ub-algn-itms_center ub-flx-wrap_nowrap ub-just-cnt_center ub-txt-deco_none ub-ver-algn_middle ub-b-btm_1px-solid-c1c4d6 ub-b-lft_1px-solid-c1c4d6 ub-b-rgt_1px-solid-c1c4d6 ub-b-top_1px-solid-c1c4d6 ub-otln_iu2jf4 ub-usr-slct_none ub-crsr_pointer ub-wht-spc_nowrap ub-fnt-fam_b77syt ub-bblr_4px ub-bbrr_4px ub-btlr_4px ub-btrr_4px ub-color_474d66 ub-tstn_n1akt6 ub-h_32px ub-min-w_32px ub-fnt-sze_12px ub-ln-ht_32px ub-pl_16px ub-pr_16px ub-bg-clr_white ub-box-szg_border-box"
                            type="button"
                          >
                            Log In
                          </button>
                          <button
                            class="css-12b25td ub-pst_relative ub-f-wght_500 ub-dspl_inline-flex ub-algn-itms_center ub-flx-wrap_nowrap ub-just-cnt_center ub-txt-deco_none ub-ver-algn_middle ub-b-btm_1px-solid-c1c4d6 ub-b-lft_1px-solid-c1c4d6 ub-b-rgt_1px-solid-c1c4d6 ub-b-top_1px-solid-c1c4d6 ub-otln_iu2jf4 ub-usr-slct_none ub-crsr_pointer ub-wht-spc_nowrap ub-fnt-fam_b77syt ub-bblr_4px ub-bbrr_4px ub-btlr_4px ub-btrr_4px ub-color_474d66 ub-tstn_n1akt6 ub-h_32px ub-min-w_32px ub-fnt-sze_12px ub-ln-ht_32px ub-pl_16px ub-pr_16px ub-bg-clr_white ub-box-szg_border-box"
                            type="button"
                          >
                            Sign Up
                          </button>
                        </div>
                      </form>
                    </div>
                  </div>
                </div>
              </div>
            </div>
          </div>
        </header>
        <div
          class="main"
        >
          <div
            class="sc-jIZahH kazbXZ"
          >
            <span
              class="sc-himrzO loXZlN"
            />
            <span
              class="sc-himrzO loXZlN"
            />
            <span
              class="sc-himrzO loXZlN"
            />
            <span
              class="sc-himrzO loXZlN"
            />
          </div>
        </div>
      </div>
      <footer
        class="sc-eKszNL hfhOYE"
      >
        <p
          class="sc-olbas dbfzbt"
        >
          Â© 2022 | All Rights Reserved |
        </p>
        <div
          class="sc-hiMGwR blSfkg"
        >
          <div
            class="sc-ehmTmK chgGIb"
          >
            <p
              class="sc-olbas dbfzbt"
            >
              Developed with
            </p>
            <svg
              alt="heart icon"
              class="sc-lbOyJj goIsFX"
              fill="currentColor"
              height="16"
              stroke="currentColor"
              stroke-width="0"
              viewBox="0 0 16 16"
              width="16"
              xmlns="http://www.w3.org/2000/svg"
            >
              <path
                d="M4 1c2.21 0 4 1.755 4 3.92C8 2.755 9.79 1 12 1s4 1.755 4 3.92c0 3.263-3.234 4.414-7.608 9.608a.513.513 0 0 1-.784 0C3.234 9.334 0 8.183 0 4.92 0 2.755 1.79 1 4 1z"
              />
            </svg>
          </div>
          <p
            class="sc-olbas dbfzbt"
          >
            
          </p>
        </div>
      </footer>
    </div>
  </body>,
  "container": <div>
    <div
      class="sc-jIAOiI hMTiMh"
    >
      <header
        class="sc-breuTD dcjsFM"
      >
        <div
          class="sc-bczRLJ ireytC"
        >
          <div
            class="sc-ksZaOG gkPzMw"
          >
            <a
              class="sc-gsnTZi fJKHcl"
              href="/"
            >
              <span
                class="sc-dkzDqf hYOzTb"
              >
                m
              </span>
              .news
            </a>
            <div
              class="sc-crXcEl ceGitO"
            >
              <button
                class="sc-evZas ivXicS"
                type="button"
              >
                <svg
                  fill="var( --color-blue-300)"
                  height="1.8em"
                  stroke="currentColor"
                  stroke-width="0"
                  viewBox="0 0 512 512"
                  width="1.8em"
                  xmlns="http://www.w3.org/2000/svg"
                >
                  <path
                    d="M32 96v64h448V96H32zm0 128v64h448v-64H32zm0 128v64h448v-64H32z"
                  />
                </svg>
              </button>
            </div>
            <nav>
              <ul
                class="sc-eCYdqJ kvjTtY"
              >
                <a
                  class="sc-hKMtZM iZwuIU"
                  href="/all"
                >
                  All
                </a>
                <a
                  class="sc-hKMtZM iZwuIU"
                  href="/places"
                >
                  Places
                </a>
                <a
                  class="sc-hKMtZM iZwuIU"
                  href="/people"
                >
                  People
                </a>
                <a
                  class="sc-hKMtZM iZwuIU"
                  href="/events"
                >
                  Events
                </a>
              </ul>
            </nav>
            <div>
              <div
                class="sc-gKXOVf ktdoYt"
              >
                <button
                  class="sc-jSMfEi bqytyA sc-papXJ dxDiZW"
                  type="button"
                >
                  Log In
                </button>
                <div
                  class="IdentificationModal"
                >
                  <div
                    class="ModalContent"
                  >
                    <form>
                      <div
                        class="ub-mb_24px ub-box-szg_border-box"
                      >
                        <div
                          class="ub-dspl_flex ub-flx-drct_column ub-mb_8px ub-box-szg_border-box"
                        >
                          <label
                            class="ub-color_101840 ub-fnt-fam_b77syt ub-f-wght_500 ub-fnt-sze_14px ub-ln-ht_18px ub-ltr-spc_-0-05px ub-dspl_block ub-mb_0px ub-box-szg_border-box"
                            for="TextInputField-1"
                          >
                            Username
                             
                            <span
                              title="This field is required."
                            >
                              *
                            </span>
                          </label>
                        </div>
                        <input
                          aria-invalid="false"
                          class="css-12rdf6g ub-w_100prcnt ub-fnt-fam_b77syt ub-b-btm_1px-solid-transparent ub-b-lft_1px-solid-transparent ub-b-rgt_1px-solid-transparent ub-b-top_1px-solid-transparent ub-otln_iu2jf4 ub-txt-deco_none ub-bblr_4px ub-bbrr_4px ub-btlr_4px ub-btrr_4px ub-ln-ht_16px ub-fnt-sze_12px ub-color_474d66 ub-pl_12px ub-pr_12px ub-tstn_n1akt6 ub-h_32px ub-bg-clr_white ub-b-btm-clr_d8dae5 ub-b-lft-clr_d8dae5 ub-b-rgt-clr_d8dae5 ub-b-top-clr_d8dae5 ub-f-wght_400 ub-ltr-spc_0 ub-box-szg_border-box"
                          id="TextInputField-1"
                          name="username"
                          placeholder="username"
                          required=""
                          spellcheck="true"
                          type="text"
                          value=""
                        />
                      </div>
                      <div
                        class="ub-mb_24px ub-box-szg_border-box"
                      >
                        <div
                          class="ub-dspl_flex ub-flx-drct_column ub-mb_8px ub-box-szg_border-box"
                        >
                          <label
                            class="ub-color_101840 ub-fnt-fam_b77syt ub-f-wght_500 ub-fnt-sze_14px ub-ln-ht_18px ub-ltr-spc_-0-05px ub-dspl_block ub-mb_0px ub-box-szg_border-box"
                            for="TextInputField-2"
                          >
                            Password
                             
                            <span
                              title="This field is required."
                            >
                              *
                            </span>
                          </label>
                        </div>
                        <input
                          aria-invalid="false"
                          class="css-12rdf6g ub-w_100prcnt ub-fnt-fam_b77syt ub-b-btm_1px-solid-transparent ub-b-lft_1px-solid-transparent ub-b-rgt_1px-solid-transparent ub-b-top_1px-solid-transparent ub-otln_iu2jf4 ub-txt-deco_none ub-bblr_4px ub-bbrr_4px ub-btlr_4px ub-btrr_4px ub-ln-ht_16px ub-fnt-sze_12px ub-color_474d66 ub-pl_12px ub-pr_12px ub-tstn_n1akt6 ub-h_32px ub-bg-clr_white ub-b-btm-clr_d8dae5 ub-b-lft-clr_d8dae5 ub-b-rgt-clr_d8dae5 ub-b-top-clr_d8dae5 ub-f-wght_400 ub-ltr-spc_0 ub-box-szg_border-box"
                          id="TextInputField-2"
                          name="password"
                          placeholder="password"
                          required=""
                          spellcheck="true"
                          type="password"
                          value=""
                        />
                      </div>
                      <div
                        class="modalButtons"
                      >
                        <button
                          class="css-12b25td ub-pst_relative ub-f-wght_500 ub-dspl_inline-flex ub-algn-itms_center ub-flx-wrap_nowrap ub-just-cnt_center ub-txt-deco_none ub-ver-algn_middle ub-b-btm_1px-solid-c1c4d6 ub-b-lft_1px-solid-c1c4d6 ub-b-rgt_1px-solid-c1c4d6 ub-b-top_1px-solid-c1c4d6 ub-otln_iu2jf4 ub-usr-slct_none ub-crsr_pointer ub-wht-spc_nowrap ub-fnt-fam_b77syt ub-bblr_4px ub-bbrr_4px ub-btlr_4px ub-btrr_4px ub-color_474d66 ub-tstn_n1akt6 ub-h_32px ub-min-w_32px ub-fnt-sze_12px ub-ln-ht_32px ub-pl_16px ub-pr_16px ub-bg-clr_white ub-box-szg_border-box"
                        >
                          Cancel
                        </button>
                        <button
                          class="css-12b25td ub-pst_relative ub-f-wght_500 ub-dspl_inline-flex ub-algn-itms_center ub-flx-wrap_nowrap ub-just-cnt_center ub-txt-deco_none ub-ver-algn_middle ub-b-btm_1px-solid-c1c4d6 ub-b-lft_1px-solid-c1c4d6 ub-b-rgt_1px-solid-c1c4d6 ub-b-top_1px-solid-c1c4d6 ub-otln_iu2jf4 ub-usr-slct_none ub-crsr_pointer ub-wht-spc_nowrap ub-fnt-fam_b77syt ub-bblr_4px ub-bbrr_4px ub-btlr_4px ub-btrr_4px ub-color_474d66 ub-tstn_n1akt6 ub-h_32px ub-min-w_32px ub-fnt-sze_12px ub-ln-ht_32px ub-pl_16px ub-pr_16px ub-bg-clr_white ub-box-szg_border-box"
                          type="button"
                        >
                          Log In
                        </button>
                        <button
                          class="css-12b25td ub-pst_relative ub-f-wght_500 ub-dspl_inline-flex ub-algn-itms_center ub-flx-wrap_nowrap ub-just-cnt_center ub-txt-deco_none ub-ver-algn_middle ub-b-btm_1px-solid-c1c4d6 ub-b-lft_1px-solid-c1c4d6 ub-b-rgt_1px-solid-c1c4d6 ub-b-top_1px-solid-c1c4d6 ub-otln_iu2jf4 ub-usr-slct_none ub-crsr_pointer ub-wht-spc_nowrap ub-fnt-fam_b77syt ub-bblr_4px ub-bbrr_4px ub-btlr_4px ub-btrr_4px ub-color_474d66 ub-tstn_n1akt6 ub-h_32px ub-min-w_32px ub-fnt-sze_12px ub-ln-ht_32px ub-pl_16px ub-pr_16px ub-bg-clr_white ub-box-szg_border-box"
                          type="button"
                        >
                          Sign Up
                        </button>
                      </div>
                    </form>
                  </div>
                </div>
              </div>
            </div>
          </div>
        </div>
      </header>
      <div
        class="main"
      >
        <div
          class="sc-jIZahH kazbXZ"
        >
          <span
            class="sc-himrzO loXZlN"
          />
          <span
            class="sc-himrzO loXZlN"
          />
          <span
            class="sc-himrzO loXZlN"
          />
          <span
            class="sc-himrzO loXZlN"
          />
        </div>
      </div>
    </div>
    <footer
      class="sc-eKszNL hfhOYE"
    >
      <p
        class="sc-olbas dbfzbt"
      >
        Â© 2022 | All Rights Reserved |
      </p>
      <div
        class="sc-hiMGwR blSfkg"
      >
        <div
          class="sc-ehmTmK chgGIb"
        >
          <p
            class="sc-olbas dbfzbt"
          >
            Developed with
          </p>
          <svg
            alt="heart icon"
            class="sc-lbOyJj goIsFX"
            fill="currentColor"
            height="16"
            stroke="currentColor"
            stroke-width="0"
            viewBox="0 0 16 16"
            width="16"
            xmlns="http://www.w3.org/2000/svg"
          >
            <path
              d="M4 1c2.21 0 4 1.755 4 3.92C8 2.755 9.79 1 12 1s4 1.755 4 3.92c0 3.263-3.234 4.414-7.608 9.608a.513.513 0 0 1-.784 0C3.234 9.334 0 8.183 0 4.92 0 2.755 1.79 1 4 1z"
            />
          </svg>
        </div>
        <p
          class="sc-olbas dbfzbt"
        >
          
        </p>
      </div>
    </footer>
  </div>,
  "debug": [Function],
  "findAllByAltText": [Function],
  "findAllByDisplayValue": [Function],
  "findAllByLabelText": [Function],
  "findAllByPlaceholderText": [Function],
  "findAllByRole": [Function],
  "findAllByTestId": [Function],
  "findAllByText": [Function],
  "findAllByTitle": [Function],
  "findByAltText": [Function],
  "findByDisplayValue": [Function],
  "findByLabelText": [Function],
  "findByPlaceholderText": [Function],
  "findByRole": [Function],
  "findByTestId": [Function],
  "findByText": [Function],
  "findByTitle": [Function],
  "getAllByAltText": [Function],
  "getAllByDisplayValue": [Function],
  "getAllByLabelText": [Function],
  "getAllByPlaceholderText": [Function],
  "getAllByRole": [Function],
  "getAllByTestId": [Function],
  "getAllByText": [Function],
  "getAllByTitle": [Function],
  "getByAltText": [Function],
  "getByDisplayValue": [Function],
  "getByLabelText": [Function],
  "getByPlaceholderText": [Function],
  "getByRole": [Function],
  "getByTestId": [Function],
  "getByText": [Function],
  "getByTitle": [Function],
  "queryAllByAltText": [Function],
  "queryAllByDisplayValue": [Function],
  "queryAllByLabelText": [Function],
  "queryAllByPlaceholderText": [Function],
  "queryAllByRole": [Function],
  "queryAllByTestId": [Function],
  "queryAllByText": [Function],
  "queryAllByTitle": [Function],
  "queryByAltText": [Function],
  "queryByDisplayValue": [Function],
  "queryByLabelText": [Function],
  "queryByPlaceholderText": [Function],
  "queryByRole": [Function],
  "queryByTestId": [Function],
  "queryByText": [Function],
  "queryByTitle": [Function],
  "rerender": [Function],
  "unmount": [Function],
}
`;
